// Jest Snapshot v1, https://goo.gl/fbAQLP

exports[`Video Component Video snapshot test 1`] = `""`;
