// Jest Snapshot v1, https://goo.gl/fbAQLP

exports[`FilmsList Component FilmsList snapshot test 1`] = `
<img
  alt="spinner"
  className="spinner"
  src="test-file-stub"
/>
`;
