// Jest Snapshot v1, https://goo.gl/fbAQLP

exports[`MoreLikeThis Component MoreLikeThis snapshot test 1`] = `
<img
  className="spinner"
  src="test-file-stub"
/>
`;
