// Jest Snapshot v1, https://goo.gl/fbAQLP

exports[`Header Component Header snapshot test 1`] = `
<header>
  <a
    href="/"
    onClick={[Function]}
  >
    <h1>
      FILMS
    </h1>
  </a>
  <form
    className="search"
    onSubmit={[Function]}
  >
    <input
      onChange={[Function]}
      value=""
    />
    <button>
      <img
        alt="magnifying glass"
        src="test-file-stub"
      />
    </button>
  </form>
</header>
`;
