// Jest Snapshot v1, https://goo.gl/fbAQLP

exports[`MovieTrailers Component MovieTrailers snapshot test 1`] = `
<div
  className="trailer"
>
  No trailer
</div>
`;
