// Jest Snapshot v1, https://goo.gl/fbAQLP

exports[`MovieCredits Component MovieCredits snapshot test 1`] = `
<div
  className="creditList"
>
  No information
</div>
`;
